../Core/Src/main.cpp:82:5:int main()	24	static
../Core/Src/main.cpp:149:6:void SystemClock_Config()	88	static
../Core/Src/main.cpp:195:13:void MX_I2C2_Init()	8	static
../Core/Src/main.cpp:229:13:void MX_TIM1_Init()	40	static
../Core/Src/main.cpp:276:13:void MX_TIM2_Init()	32	static
../Core/Src/main.cpp:321:13:void MX_TIM3_Init()	56	static
../Core/Src/main.cpp:370:13:void MX_TIM5_Init()	48	static
../Core/Src/main.cpp:423:13:void MX_USART1_UART_Init()	8	static
../Core/Src/main.cpp:456:13:void MX_GPIO_Init()	48	static
../Core/Src/main.cpp:490:6:void Error_Handler()	4	static,ignoring_inline_asm
../Core/Src/main.cpp:499:1:void __static_initialization_and_destruction_0(int, int)	24	static
../Core/Src/main.cpp:499:1:cpp)	8	static
