../Core/Src/main.cpp:84:5:int main()	72	static
../Core/Src/main.cpp:142:6:void SystemClock_Config()	88	static
../Core/Src/main.cpp:188:13:void MX_I2C1_Init()	8	static
../Core/Src/main.cpp:222:13:void MX_SPI2_Init()	8	static
../Core/Src/main.cpp:260:13:void MX_TIM1_Init()	40	static
../Core/Src/main.cpp:307:13:void MX_TIM2_Init()	32	static
../Core/Src/main.cpp:352:13:void MX_USART1_UART_Init()	8	static
../Core/Src/main.cpp:385:13:void MX_GPIO_Init()	48	static
../Core/Src/main.cpp:429:6:void Error_Handler()	4	static,ignoring_inline_asm
